[0m16:53:50.008674 [debug] [MainThread]: Sending event: {'category': 'dbt', 'action': 'invocation', 'label': 'start', 'context': [<snowplow_tracker.self_describing_json.SelfDescribingJson object at 0x00000181FAB8DBB0>, <snowplow_tracker.self_describing_json.SelfDescribingJson object at 0x00000181F8A5FC20>, <snowplow_tracker.self_describing_json.SelfDescribingJson object at 0x00000181FA849130>]}


============================== 16:53:50.011674 | b3629c3e-0bf1-4099-8f66-b4f38684ed7a ==============================
[0m16:53:50.011674 [info ] [MainThread]: Running with dbt=1.12.4
[0m16:53:50.012674 [debug] [MainThread]: running dbt with arguments {'maximum_seed_size_mib': '1', 'no_print': 'None', 'version_check': 'True', 'target_path': 'None', 'static_parser': 'True', 'warn_error_options': 'WarnErrorOptionsV2(error=[], warn=[], silence=[])', 'printer_width': '80', 'write_json': 'True', 'introspect': 'True', 'log_cache_events': 'False', 'empty': 'None', 'cache_selected_only': 'False', 'fail_fast': 'False', 'debug': 'False', 'log_format': 'default', 'partial_parse': 'True', 'send_anonymous_usage_stats': 'True', 'quiet': 'False', 'warn_error': 'None', 'profiles_dir': 'C:\\Users\\velud\\.dbt', 'indirect_selection': 'eager', 'hints_enabled': 'True', 'use_colors': 'True', 'use_experimental_parser': 'False', 'invocation_command': 'dbt init sales_pipeline', 'log_path': 'logs'}
[0m16:53:50.074872 [info ] [MainThread]: Creating dbt configuration folder at C:\Users\velud\.dbt
[0m16:53:50.077596 [debug] [MainThread]: Starter project path: C:\Users\velud\OneDrive\Desktop\Data Sales Project\venv\Lib\site-packages\dbt\include\starter_project
[0m16:53:50.106122 [info ] [MainThread]: Setting up your profile.
[0m16:54:05.674960 [info ] [MainThread]: Profile sales_pipeline written to C:\Users\velud\.dbt\profiles.yml using target's sample configuration. Once updated, you'll be able to start developing with dbt.
[0m16:54:05.676959 [info ] [MainThread]: Running dbt debug to validate the project...
[0m16:54:05.677960 [info ] [MainThread]: dbt version: 1.12.4
[0m16:54:05.677960 [info ] [MainThread]: python version: 3.12.0
[0m16:54:05.678960 [info ] [MainThread]: python path: C:\Users\velud\OneDrive\Desktop\Data Sales Project\venv\Scripts\python.exe
[0m16:54:05.678960 [info ] [MainThread]: os info: Windows-11-10.0.26200-SP0
[0m16:54:05.734959 [info ] [MainThread]: Using profiles dir at C:\Users\velud\.dbt
[0m16:54:05.735961 [info ] [MainThread]: Using profiles.yml file at C:\Users\velud\.dbt\profiles.yml
[0m16:54:05.735961 [info ] [MainThread]: Using dbt_project.yml file at C:\Users\velud\OneDrive\Desktop\Data Sales Project\sales_pipeline\dbt_project.yml
[0m16:54:05.737995 [info ] [MainThread]: adapter type: duckdb
[0m16:54:05.738965 [info ] [MainThread]: adapter version: 1.11.0
[0m16:54:05.816511 [info ] [MainThread]: Configuration:
[0m16:54:05.817509 [info ] [MainThread]:   profiles.yml file [[32mOK found and valid[0m]
[0m16:54:05.817509 [info ] [MainThread]:   dbt_project.yml file [[32mOK found and valid[0m]
[0m16:54:05.818510 [info ] [MainThread]: Required dependencies:
[0m16:54:05.818510 [debug] [MainThread]: Executing "git --help"
[0m16:54:05.867367 [debug] [MainThread]: STDOUT: "b"usage: git [-v | --version] [-h | --help] [-C <path>] [-c <name>=<value>]\n           [--exec-path[=<path>]] [--html-path] [--man-path] [--info-path]\n           [-p | --paginate | -P | --no-pager] [--no-replace-objects] [--no-lazy-fetch]\n           [--no-optional-locks] [--no-advice] [--bare] [--git-dir=<path>]\n           [--work-tree=<path>] [--namespace=<name>] [--config-env=<name>=<envvar>]\n           <command> [<args>]\n\nThese are common Git commands used in various situations:\n\nstart a working area (see also: git help tutorial)\n   clone      Clone a repository into a new directory\n   init       Create an empty Git repository or reinitialize an existing one\n\nwork on the current change (see also: git help everyday)\n   add        Add file contents to the index\n   mv         Move or rename a file, a directory, or a symlink\n   restore    Restore working tree files\n   rm         Remove files from the working tree and from the index\n\nexamine the history and state (see also: git help revisions)\n   bisect     Use binary search to find the commit that introduced a bug\n   diff       Show changes between commits, commit and working tree, etc\n   grep       Print lines matching a pattern\n   log        Show commit logs\n   show       Show various types of objects\n   status     Show the working tree status\n\ngrow, mark and tweak your common history\n   backfill   Download missing objects in a partial clone\n   branch     List, create, or delete branches\n   commit     Record changes to the repository\n   merge      Join two or more development histories together\n   rebase     Reapply commits on top of another base tip\n   reset      Set `HEAD` or the index to a known state\n   switch     Switch branches\n   tag        Create, list, delete or verify tags\n\ncollaborate (see also: git help workflows)\n   fetch      Download objects and refs from another repository\n   pull       Fetch from and integrate with another repository or a local branch\n   push       Update remote refs along with associated objects\n\n'git help -a' and 'git help -g' list available subcommands and some\nconcept guides. See 'git help <command>' or 'git help <concept>'\nto read about a specific subcommand or concept.\nSee 'git help git' for an overview of the system.\n""
[0m16:54:05.867367 [debug] [MainThread]: STDERR: "b''"
[0m16:54:05.868366 [info ] [MainThread]:  - git [[32mOK found[0m]

[0m16:54:05.868366 [info ] [MainThread]: Connection:
[0m16:54:05.868366 [info ] [MainThread]:   database: dev
[0m16:54:05.869367 [info ] [MainThread]:   schema: main
[0m16:54:05.869367 [info ] [MainThread]:   path: dev.duckdb
[0m16:54:05.870366 [info ] [MainThread]:   config_options: None
[0m16:54:05.870366 [info ] [MainThread]:   extensions: None
[0m16:54:05.871367 [info ] [MainThread]:   settings: {}
[0m16:54:05.871367 [info ] [MainThread]:   external_root: .
[0m16:54:05.871367 [info ] [MainThread]:   use_credential_provider: None
[0m16:54:05.872367 [info ] [MainThread]:   attach: None
[0m16:54:05.872367 [info ] [MainThread]:   filesystems: None
[0m16:54:05.872367 [info ] [MainThread]:   remote: None
[0m16:54:05.873366 [info ] [MainThread]:   plugins: None
[0m16:54:05.873366 [info ] [MainThread]:   disable_transactions: False
[0m16:54:05.874369 [info ] [MainThread]: Registered adapter: duckdb=1.11.0
[0m16:54:06.194788 [debug] [MainThread]: Acquiring new duckdb connection 'debug'
[0m16:54:08.814803 [debug] [MainThread]: Using duckdb connection "debug"
[0m16:54:08.814803 [debug] [MainThread]: On debug: select 1 as id
[0m16:54:08.814803 [debug] [MainThread]: Opening a new connection, currently in state init
[0m16:54:08.828809 [debug] [MainThread]: SQL status: OK in 0.013 seconds
[0m16:54:08.828809 [debug] [MainThread]: On debug: Close
[0m16:54:08.829805 [info ] [MainThread]:   Connection test: [[32mOK connection ok[0m]

[0m16:54:08.829805 [info ] [MainThread]: [32mAll checks passed![0m
[0m16:54:08.830702 [info ] [MainThread]: Your new dbt project "sales_pipeline" was created!
Initialized new project in C:\Users\velud\OneDrive\Desktop\Data Sales Project\sales_pipeline\sales_pipeline

For more information on how to configure the profiles.yml file,
please consult the dbt documentation here:

  https://docs.getdbt.com/docs/configure-your-profile

One more thing:

Need help? Don't hesitate to reach out to us via GitHub issues or on Slack:

  https://community.getdbt.com/

Happy modeling!

[0m16:54:08.830702 [debug] [MainThread]: Command `dbt init` succeeded at 16:54:08.830702 after 18.99 seconds
[0m16:54:08.831740 [debug] [MainThread]: Connection 'debug' was properly closed.
[0m16:54:08.831740 [debug] [MainThread]: Sending event: {'category': 'dbt', 'action': 'invocation', 'label': 'end', 'context': [<snowplow_tracker.self_describing_json.SelfDescribingJson object at 0x00000181FACCB740>, <snowplow_tracker.self_describing_json.SelfDescribingJson object at 0x00000181FB031CA0>, <snowplow_tracker.self_describing_json.SelfDescribingJson object at 0x00000181FC9E7A40>]}
[0m16:54:08.831740 [debug] [MainThread]: Flushing usage events
[0m16:54:10.868716 [debug] [MainThread]: An error was encountered while trying to flush usage events
